// 重构日志: c9b5a70d
// 重构日志: 062d806a
// 重构日志: aeaa5cfb
// 同步 ID: d4106185 @ Tue Jul 21 00:25:46 UTC 2026
// 同步 ID: 2e1519cc @ Tue Jul 21 10:37:26 UTC 2026
// 同步 ID: 142073c2 @ Wed Jul 22 00:28:58 UTC 2026
// 同步 ID: 69cc3b86 @ Wed Jul 22 07:05:16 UTC 2026
// 重构日志: d58c0c7e
// 同步 ID: 4d8cb05e @ Thu Jul 23 03:55:38 UTC 2026
// 重构日志: 6f8245d6
// 同步 ID: eed83148 @ Thu Jul 23 12:30:00 UTC 2026
// 重构日志: 8ec8877e
// 重构日志: 3517a5d0
// 重构日志: 4fded98e
// 同步 ID: 6b489c1a @ Sat Jul 25 10:00:52 UTC 2026
// 重构日志: 67e9f551
// 重构日志: cd6ef718
// 重构日志: e959e07a
// 重构日志: 99705ce2
// 同步 ID: 4e88ea2d @ Tue Jul 28 10:21:49 UTC 2026
// 同步 ID: 9a02a0ca @ Tue Jul 28 15:15:19 UTC 2026
// 重构日志: c5f9b0cd
// 同步 ID: 965d4fbf @ Wed Jul 29 03:49:37 UTC 2026
// 重构日志: be99bbf4
// 重构日志: fc345f54
// 同步 ID: fcbed7a0 @ Thu Jul 30 14:43:51 UTC 2026
// 同步 ID: 2578f8ee @ Thu Jul 30 22:34:45 UTC 2026
// 重构日志: 91e887a8
// 重构日志: ad65fc3a
// 同步 ID: 25a651a6 @ Sat Aug  1 00:41:43 UTC 2026
